[db] DATABASE_URL is not set — falling back to default local Postgres connection params (see .env.example).
[server] JWT_SECRET is not set — auth tokens will fail to sign. Set it in .env (see .env.example).
[server] failed to re-arm pending expiries on boot AggregateError [ECONNREFUSED]: 
    at C:\Users\user\Downloads\onsite_app_compile_fixes\onsite_app\backend\node_modules\pg-pool\index.js:45:11
    at process.processTicksAndRejections (node:internal/process/task_queues:105:5)
    at async rearmPendingExpiries (C:\Users\user\Downloads\onsite_app_compile_fixes\onsite_app\backend\src\server.js:95:22)
    at async Server.<anonymous> (C:\Users\user\Downloads\onsite_app_compile_fixes\onsite_app\backend\src\server.js:107:5) {
  code: 'ECONNREFUSED',
  [errors]: [
    Error: connect ECONNREFUSED ::1:5432
        at createConnectionError (node:net:1675:14)
        at afterConnectMultiple (node:net:1705:16) {
      errno: -4078,
      code: 'ECONNREFUSED',
      syscall: 'connect',
      address: '::1',
      port: 5432
    },
    Error: connect ECONNREFUSED 127.0.0.1:5432
        at createConnectionError (node:net:1675:14)
        at afterConnectMultiple (node:net:1705:16) {
      errno: -4078,
      code: 'ECONNREFUSED',
      syscall: 'connect',
      address: '127.0.0.1',
      port: 5432
    }
  ]
}
[investmentPayoutScheduler] failed to load commitments due for payout AggregateError [ECONNREFUSED]: 
    at C:\Users\user\Downloads\onsite_app_compile_fixes\onsite_app\backend\node_modules\pg-pool\index.js:45:11
    at process.processTicksAndRejections (node:internal/process/task_queues:105:5)
    at async runDuePayouts (C:\Users\user\Downloads\onsite_app_compile_fixes\onsite_app\backend\src\models\investmentPayoutScheduler.js:72:19) {
  code: 'ECONNREFUSED',
  [errors]: [
    Error: connect ECONNREFUSED ::1:5432
        at createConnectionError (node:net:1675:14)
        at afterConnectMultiple (node:net:1705:16) {
      errno: -4078,
      code: 'ECONNREFUSED',
      syscall: 'connect',
      address: '::1',
      port: 5432
    },
    Error: connect ECONNREFUSED 127.0.0.1:5432
        at createConnectionError (node:net:1675:14)
        at afterConnectMultiple (node:net:1705:16) {
      errno: -4078,
      code: 'ECONNREFUSED',
      syscall: 'connect',
      address: '127.0.0.1',
      port: 5432
    }
  ]
}
